// Jest Snapshot v1, https://goo.gl/fbAQLP

exports[`Auth Form when renders form renders correctly 1`] = `
<div>
  <div
    class="MuiBox-root css-bdvt7g"
  >
    <div
      class="MuiBox-root css-bb7pjn"
      data-testid="auth-wrapper"
    >
      <h1
        class="MuiTypography-root MuiTypography-h1 MuiTypography-alignCenter css-ibvdv0-MuiTypography-root"
      >
        Login
      </h1>
      <form
        class="MuiBox-root css-1w0q4w9"
        data-testid="auth-form"
      >
        <div
          class="MuiFormControl-root MuiFormControl-fullWidth MuiTextField-root css-13ro6dx-MuiFormControl-root-MuiTextField-root"
        >
          <label
            class="MuiInputLabel-root MuiInputLabel-formControl MuiInputLabel-animated MuiInputLabel-outlined MuiFormLabel-root MuiFormLabel-colorPrimary css-40493w-MuiFormLabel-root-MuiInputLabel-root"
            data-shrink="false"
            for="mui-1"
            id="mui-1-label"
          >
            E-mail
          </label>
          <div
            class="MuiOutlinedInput-root MuiInputBase-root MuiInputBase-colorPrimary MuiInputBase-fullWidth MuiInputBase-formControl css-mhnoc2-MuiInputBase-root-MuiOutlinedInput-root"
          >
            <input
              aria-invalid="false"
              class="MuiOutlinedInput-input MuiInputBase-input css-1t8l2tu-MuiInputBase-input-MuiOutlinedInput-input"
              data-testid="email-input"
              id="mui-1"
              name="email"
              type="email"
              value=""
            />
            <fieldset
              aria-hidden="true"
              class="MuiOutlinedInput-notchedOutline css-1d3z3hw-MuiOutlinedInput-notchedOutline"
            >
              <legend
                class="css-1ftyaf0"
              >
                <span>
                  E-mail
                </span>
              </legend>
            </fieldset>
          </div>
        </div>
        <div
          class="MuiFormControl-root MuiTextField-root css-mf9yet-MuiFormControl-root-MuiTextField-root"
        >
          <label
            class="MuiInputLabel-root MuiInputLabel-formControl MuiInputLabel-animated MuiInputLabel-outlined MuiFormLabel-root MuiFormLabel-colorPrimary css-40493w-MuiFormLabel-root-MuiInputLabel-root"
            data-shrink="false"
            for="mui-2"
            id="mui-2-label"
          >
            Password
          </label>
          <div
            class="MuiOutlinedInput-root MuiInputBase-root MuiInputBase-colorPrimary MuiInputBase-formControl css-10gdzrp-MuiInputBase-root-MuiOutlinedInput-root"
          >
            <input
              aria-invalid="false"
              class="MuiOutlinedInput-input MuiInputBase-input css-1t8l2tu-MuiInputBase-input-MuiOutlinedInput-input"
              data-testid="password-input"
              id="mui-2"
              name="password"
              type="password"
              value=""
            />
            <fieldset
              aria-hidden="true"
              class="MuiOutlinedInput-notchedOutline css-1d3z3hw-MuiOutlinedInput-notchedOutline"
            >
              <legend
                class="css-1ftyaf0"
              >
                <span>
                  Password
                </span>
              </legend>
            </fieldset>
          </div>
        </div>
        <button
          class="MuiButton-root MuiButton-contained MuiButton-containedPrimary MuiButton-sizeMedium MuiButton-containedSizeMedium MuiButton-disableElevation MuiButtonBase-root  css-yk7koz-MuiButtonBase-root-MuiButton-root"
          data-testid="login-submit-btn"
          tabindex="0"
          type="submit"
        >
          Sign in
          <span
            class="MuiTouchRipple-root css-8je8zh-MuiTouchRipple-root"
          />
        </button>
      </form>
    </div>
  </div>
</div>
`;
